<html>
<body>
<pre>
<h1>µVision Build Log</h1>
<h2>Tool Versions:</h2>
IDE-Version: µVision V5.21.1.0
Copyright (C) 2016 ARM Ltd and ARM Germany GmbH. All rights reserved.
License Information: Timothy Ndungu, yhtosoft, LIC=6XJKP-MMHDJ-YCEJ1-C5VEE-BKKDW-35B2U
 
Tool Versions:
Toolchain:       MDK-ARM Professional  Version: 5.21a
Toolchain Path:  C:\Keil_v5\ARM\ARMCC\Bin
C Compiler:      Armcc.exe V5.06 update 3 (build 300)
Assembler:       Armasm.exe V5.06 update 3 (build 300)
Linker/Locator:  ArmLink.exe V5.06 update 3 (build 300)
Library Manager: ArmAr.exe V5.06 update 3 (build 300)
Hex Converter:   FromElf.exe V5.06 update 3 (build 300)
CPU DLL:         SARMCM3.DLL V5.21a
Dialog DLL:      DCM.DLL V1.13.8.0
Target DLL:      STLink\ST-LINKIII-KEIL_SWO.dll V2.0.18.0
Dialog DLL:      TCM.DLL V1.14.14.0
 
<h2>Project:</h2>
D:\Projects\PID\Vive tracking\firmware_\Custom tracker\BaseStationV1\MDK-ARM\BaseStationV1.uvprojx
Project File Date:  03/04/2019

<h2>Output:</h2>
*** Using Compiler 'V5.06 update 3 (build 300)', folder: 'C:\Keil_v5\ARM\ARMCC\Bin'
Build target 'BaseStationV1'
compiling main.c...
../Src/main.c(152): warning:  #1295-D: Deprecated declaration displayData - give arg types
  void displayData();
../Src/main.c(153): warning:  #1295-D: Deprecated declaration IMUAvailable - give arg types
  uint8_t IMUAvailable(); 
../Src/main.c(208): warning:  #177-D: variable "reg" was declared but never referenced
  		uint8_t reg = 0;	 
../Src/main.c(123): warning:  #550-D: variable "quatI" was set but never used
  static float quatI = {0};
../Src/main.c(124): warning:  #550-D: variable "quatJ" was set but never used
  static float quatJ = {0};
../Src/main.c(125): warning:  #550-D: variable "quatK" was set but never used
  static float quatK = {0};
../Src/main.c(126): warning:  #550-D: variable "quatReal" was set but never used
  static float quatReal = {0};
../Src/main.c: 7 warnings, 0 errors
linking...
Program Size: Code=15378 RO-data=598 RW-data=80 ZI-data=1328  
FromELF: creating hex file...
"BaseStationV1\BaseStationV1.axf" - 0 Error(s), 7 Warning(s).

<h2>Software Packages used:</h2>

Package Vendor: ARM
                http://www.keil.com/pack/ARM.CMSIS.5.4.0.pack
                ARM::CMSIS:CORE:5.1.2
                CMSIS (Cortex Microcontroller Software Interface Standard)
   * Component: CORE Version: 5.1.2

<h2>Collection of Component include folders:</h2>
  D:\Projects\PID\Vive tracking\firmware_\Custom tracker\BaseStationV1\MDK-ARM\RTE
  C:\Keil_v5\ARM\PACK\ARM\CMSIS\5.4.0\CMSIS\Core\Include
  C:\Keil_v5\ARM\PACK\Keil\STM32F4xx_DFP\2.13.0\Drivers\CMSIS\Device\ST\STM32F4xx\Include

<h2>Collection of Component Files used:</h2>

   * Component: ARM::CMSIS:CORE:5.1.2
Build Time Elapsed:  00:00:06
</pre>
</body>
</html>
